[2026-08-30 19:04:02] Usuario creado: amb986n (admin) - por sistema
[2026-08-30 19:04:28] Intento de login fallido: amb986n
[2026-08-30 19:04:53] Login exitoso: amb986n (admin)
[2026-08-30 19:05:08] Login exitoso: amb986n (admin)
[2026-08-30 19:25:52] Login exitoso: amb986n (admin)
[2026-08-30 19:29:11] Login exitoso: amb986n (admin)
[2026-08-30 19:31:52] Login exitoso: amb986n (admin)
[2026-08-30 19:32:09] Logout: amb986n
[2026-08-30 19:57:14] Login exitoso: amb986n (admin)
[2026-08-30 19:59:48] Login exitoso: amb986n (admin)
[2026-08-30 20:03:56] Login usuario inexistente: amb986n@gmail.com
[2026-08-30 20:04:26] Login exitoso: amb986n (admin)
[2026-08-30 20:11:42] Login exitoso: amb986n (admin)
[2026-08-30 21:46:07] Login exitoso: amb986n (admin)
[2026-08-30 22:56:47] Login fallido: amb986n
[2026-08-30 22:56:53] Login exitoso: amb986n (admin)
[2026-08-30 23:07:42] Login exitoso: amb986n (admin)
[2026-08-30 23:12:26] Login exitoso: amb986n (admin)
[2026-08-30 23:18:06] Login exitoso: amb986n (admin)
[2026-08-31 06:27:46] Login fallido: amb986n
[2026-08-31 06:27:52] Login exitoso: amb986n (admin)
[2026-08-31 06:32:21] Login exitoso: amb986n (admin)
[2026-08-31 06:32:52] Login exitoso: amb986n (admin)
[2026-08-31 06:35:37] Login usuario inexistente: eric
[2026-08-31 06:58:52] Usuario creado: eric (editor) por sistema
[2026-08-31 06:58:58] Login exitoso: eric (editor)
[2026-08-31 07:02:32] Login exitoso: eric (editor)
[2026-08-31 07:04:39] Login exitoso: eric (editor)
[2026-08-31 07:10:24] Login exitoso: eric (editor)
[2026-08-31 07:10:56] Login exitoso: eric (editor)
[2026-08-31 07:22:21] Login exitoso: eric (editor)
[2026-08-31 07:28:01] Login exitoso: eric (editor)
[2026-08-31 07:28:16] Cambio de contraseña: eric
[2026-08-31 07:28:23] Logout: eric
[2026-08-31 07:28:31] Login exitoso: amb986n (admin)
[2026-08-31 07:29:01] Rol cambiado: eric a visitante por amb986n
[2026-08-31 07:29:23] Login exitoso: eric (visitante)
[2026-08-31 07:29:55] Logout: eric
[2026-08-31 07:31:07] Login exitoso: eric (visitante)
[2026-08-31 07:31:20] Logout: eric
[2026-08-31 07:31:35] Login exitoso: amb986n (admin)
[2026-08-31 07:32:51] Login exitoso: amb986n (admin)
[2026-08-31 07:37:17] Login exitoso: amb986n (admin)
[2026-08-31 07:40:09] Login exitoso: amb986n (admin)
[2026-08-31 07:45:29] Login exitoso: amb986n (admin)
[2026-08-31 07:48:46] Login exitoso: amb986n (admin)
[2026-08-31 07:52:59] Login exitoso: amb986n (admin)
[2026-08-31 10:16:28] Login exitoso: amb986n (admin)
[2026-08-31 10:25:37] Login exitoso: amb986n (admin)
